Here is a UUID_0,
and here is another one UUID_1,
and here is the first one again UUID_0