There is [number] cats leaving at the number [number].