[source,php]
----
Combination::generate([1],[A]);

 - 0 => [1,A]
----