[source,php]
----
Combination::generate([1]);

 - 0 => [1]
----