[source,php]
----
Combination::generate([1],[A]);

array (
  '1 A' => 
  array (
    0 => 1,
    1 => 'A',
  ),
)
----