[source,php]
----
Combination::generate([1,2],[A]);

array (
  '1 A' => 
  array (
    0 => 1,
    1 => 'A',
  ),
  '2 A' => 
  array (
    0 => 2,
    1 => 'A',
  ),
)
----