[source,php]
----
Combination::generate([1,2],[A],[X]);

 - 0 => [1,A,X]
 - 1 => [2,A,X]
----