[source,php]
----
Combination::generate();

array (
)
----