[source,php]
----
Combination::generate([1,2],[A,B],[X]);

 - 0 => [1,A,X]
 - 1 => [1,B,X]
 - 2 => [2,A,X]
 - 3 => [2,B,X]
----