[source,php]
----
Combination::generate([1,2,3],[A,B,C],[X,Y,Z]);

array (
  '1 A X' => 
  array (
    0 => 1,
    1 => 'A',
    2 => 'X',
  ),
  '1 A Y' => 
  array (
    0 => 1,
    1 => 'A',
    2 => 'Y',
  ),
  '1 A Z' => 
  array (
    0 => 1,
    1 => 'A',
    2 => 'Z',
  ),
  '1 B X' => 
  array (
    0 => 1,
    1 => 'B',
    2 => 'X',
  ),
  '1 B Y' => 
  array (
    0 => 1,
    1 => 'B',
    2 => 'Y',
  ),
  '1 B Z' => 
  array (
    0 => 1,
    1 => 'B',
    2 => 'Z',
  ),
  '1 C X' => 
  array (
    0 => 1,
    1 => 'C',
    2 => 'X',
  ),
  '1 C Y' => 
  array (
    0 => 1,
    1 => 'C',
    2 => 'Y',
  ),
  '1 C Z' => 
  array (
    0 => 1,
    1 => 'C',
    2 => 'Z',
  ),
  '2 A X' => 
  array (
    0 => 2,
    1 => 'A',
    2 => 'X',
  ),
  '2 A Y' => 
  array (
    0 => 2,
    1 => 'A',
    2 => 'Y',
  ),
  '2 A Z' => 
  array (
    0 => 2,
    1 => 'A',
    2 => 'Z',
  ),
  '2 B X' => 
  array (
    0 => 2,
    1 => 'B',
    2 => 'X',
  ),
  '2 B Y' => 
  array (
    0 => 2,
    1 => 'B',
    2 => 'Y',
  ),
  '2 B Z' => 
  array (
    0 => 2,
    1 => 'B',
    2 => 'Z',
  ),
  '2 C X' => 
  array (
    0 => 2,
    1 => 'C',
    2 => 'X',
  ),
  '2 C Y' => 
  array (
    0 => 2,
    1 => 'C',
    2 => 'Y',
  ),
  '2 C Z' => 
  array (
    0 => 2,
    1 => 'C',
    2 => 'Z',
  ),
  '3 A X' => 
  array (
    0 => 3,
    1 => 'A',
    2 => 'X',
  ),
  '3 A Y' => 
  array (
    0 => 3,
    1 => 'A',
    2 => 'Y',
  ),
  '3 A Z' => 
  array (
    0 => 3,
    1 => 'A',
    2 => 'Z',
  ),
  '3 B X' => 
  array (
    0 => 3,
    1 => 'B',
    2 => 'X',
  ),
  '3 B Y' => 
  array (
    0 => 3,
    1 => 'B',
    2 => 'Y',
  ),
  '3 B Z' => 
  array (
    0 => 3,
    1 => 'B',
    2 => 'Z',
  ),
  '3 C X' => 
  array (
    0 => 3,
    1 => 'C',
    2 => 'X',
  ),
  '3 C Y' => 
  array (
    0 => 3,
    1 => 'C',
    2 => 'Y',
  ),
  '3 C Z' => 
  array (
    0 => 3,
    1 => 'C',
    2 => 'Z',
  ),
)
----