[source,php]
----
Combination::generate([1,2,3],[A,B,C],[X,Y,Z]);

 - 0 => [1,A,X]
 - 1 => [1,A,Y]
 - 2 => [1,A,Z]
 - 3 => [1,B,X]
 - 4 => [1,B,Y]
 - 5 => [1,B,Z]
 - 6 => [1,C,X]
 - 7 => [1,C,Y]
 - 8 => [1,C,Z]
 - 9 => [2,A,X]
 - 10 => [2,A,Y]
 - 11 => [2,A,Z]
 - 12 => [2,B,X]
 - 13 => [2,B,Y]
 - 14 => [2,B,Z]
 - 15 => [2,C,X]
 - 16 => [2,C,Y]
 - 17 => [2,C,Z]
 - 18 => [3,A,X]
 - 19 => [3,A,Y]
 - 20 => [3,A,Z]
 - 21 => [3,B,X]
 - 22 => [3,B,Y]
 - 23 => [3,B,Z]
 - 24 => [3,C,X]
 - 25 => [3,C,Y]
 - 26 => [3,C,Z]
----